WARNING 2026-05-01 17:49:44,732 log Unauthorized: /api/v1/auth/token/
WARNING 2026-05-01 17:49:45,087 log Unauthorized: /api/v1/auth/token/
WARNING 2026-05-01 17:49:45,452 log Unauthorized: /api/v1/auth/token/
WARNING 2026-05-01 17:49:45,830 log Unauthorized: /api/v1/auth/token/
WARNING 2026-05-01 17:49:46,197 log Unauthorized: /api/v1/auth/token/
WARNING 2026-05-01 17:49:46,558 log Unauthorized: /api/v1/auth/token/
WARNING 2026-05-01 17:58:32,323 log Unauthorized: /api/v1/auth/token/
WARNING 2026-05-01 17:58:32,682 log Unauthorized: /api/v1/auth/token/
WARNING 2026-05-01 17:58:33,042 log Unauthorized: /api/v1/auth/token/
WARNING 2026-05-01 17:58:33,403 log Unauthorized: /api/v1/auth/token/
WARNING 2026-05-01 17:58:33,761 log Unauthorized: /api/v1/auth/token/
WARNING 2026-05-01 17:58:34,120 log Unauthorized: /api/v1/auth/token/
WARNING 2026-05-01 17:58:34,479 log Unauthorized: /api/v1/auth/token/
WARNING 2026-05-01 17:58:34,838 log Unauthorized: /api/v1/auth/token/
WARNING 2026-05-01 17:58:35,193 log Unauthorized: /api/v1/auth/token/
WARNING 2026-05-01 17:58:35,556 log Unauthorized: /api/v1/auth/token/
WARNING 2026-05-01 17:58:35,557 log Too Many Requests: /api/v1/auth/token/
WARNING 2026-05-01 18:32:21,572 log Unauthorized: /api/v1/auth/token/
WARNING 2026-05-01 18:32:21,929 log Unauthorized: /api/v1/auth/token/
WARNING 2026-05-01 18:32:22,289 log Unauthorized: /api/v1/auth/token/
WARNING 2026-05-01 18:32:22,644 log Unauthorized: /api/v1/auth/token/
WARNING 2026-05-01 18:32:23,001 log Unauthorized: /api/v1/auth/token/
WARNING 2026-05-01 18:32:23,362 log Unauthorized: /api/v1/auth/token/
WARNING 2026-05-01 18:32:23,726 log Unauthorized: /api/v1/auth/token/
WARNING 2026-05-01 18:32:24,091 log Unauthorized: /api/v1/auth/token/
WARNING 2026-05-01 18:32:24,453 log Unauthorized: /api/v1/auth/token/
WARNING 2026-05-01 18:32:24,816 log Unauthorized: /api/v1/auth/token/
WARNING 2026-05-01 18:32:24,817 log Too Many Requests: /api/v1/auth/token/
WARNING 2026-05-01 18:36:43,644 log Unauthorized: /api/v1/auth/token/
WARNING 2026-05-01 18:36:44,011 log Unauthorized: /api/v1/auth/token/
WARNING 2026-05-01 18:36:44,383 log Unauthorized: /api/v1/auth/token/
WARNING 2026-05-01 18:36:44,746 log Unauthorized: /api/v1/auth/token/
WARNING 2026-05-01 18:36:45,114 log Unauthorized: /api/v1/auth/token/
WARNING 2026-05-01 18:36:45,473 log Unauthorized: /api/v1/auth/token/
WARNING 2026-05-01 18:36:45,964 log Unauthorized: /api/v1/auth/token/
WARNING 2026-05-01 18:36:46,521 log Unauthorized: /api/v1/auth/token/
WARNING 2026-05-01 18:36:46,896 log Unauthorized: /api/v1/auth/token/
WARNING 2026-05-01 18:36:47,255 log Unauthorized: /api/v1/auth/token/
WARNING 2026-05-01 18:36:47,256 log Too Many Requests: /api/v1/auth/token/
WARNING 2026-05-01 18:39:26,541 log Unauthorized: /api/v1/auth/token/
WARNING 2026-05-01 18:39:26,902 log Unauthorized: /api/v1/auth/token/
WARNING 2026-05-01 18:39:27,258 log Unauthorized: /api/v1/auth/token/
WARNING 2026-05-01 18:39:27,614 log Unauthorized: /api/v1/auth/token/
WARNING 2026-05-01 18:39:27,975 log Unauthorized: /api/v1/auth/token/
WARNING 2026-05-01 18:39:28,331 log Unauthorized: /api/v1/auth/token/
WARNING 2026-05-01 18:39:28,688 log Unauthorized: /api/v1/auth/token/
WARNING 2026-05-01 18:39:29,047 log Unauthorized: /api/v1/auth/token/
WARNING 2026-05-01 18:39:29,405 log Unauthorized: /api/v1/auth/token/
WARNING 2026-05-01 18:39:29,759 log Unauthorized: /api/v1/auth/token/
WARNING 2026-05-01 18:39:29,760 log Too Many Requests: /api/v1/auth/token/
WARNING 2026-05-01 20:07:49,096 log Unauthorized: /api/v1/auth/token/
WARNING 2026-05-01 20:07:49,452 log Unauthorized: /api/v1/auth/token/
WARNING 2026-05-01 20:07:49,813 log Unauthorized: /api/v1/auth/token/
WARNING 2026-05-01 20:07:50,183 log Unauthorized: /api/v1/auth/token/
WARNING 2026-05-01 20:07:50,546 log Unauthorized: /api/v1/auth/token/
WARNING 2026-05-01 20:07:50,898 log Unauthorized: /api/v1/auth/token/
WARNING 2026-05-01 20:07:51,262 log Unauthorized: /api/v1/auth/token/
WARNING 2026-05-01 20:07:51,620 log Unauthorized: /api/v1/auth/token/
WARNING 2026-05-01 20:07:51,983 log Unauthorized: /api/v1/auth/token/
WARNING 2026-05-01 20:07:52,346 log Unauthorized: /api/v1/auth/token/
WARNING 2026-05-01 20:07:52,348 log Too Many Requests: /api/v1/auth/token/
WARNING 2026-05-01 20:42:08,945 log Unauthorized: /api/v1/auth/token/
WARNING 2026-05-01 20:42:09,298 log Unauthorized: /api/v1/auth/token/
WARNING 2026-05-01 20:42:09,658 log Unauthorized: /api/v1/auth/token/
WARNING 2026-05-01 20:42:10,032 log Unauthorized: /api/v1/auth/token/
WARNING 2026-05-01 20:42:10,386 log Unauthorized: /api/v1/auth/token/
WARNING 2026-05-01 20:42:10,750 log Unauthorized: /api/v1/auth/token/
WARNING 2026-05-01 20:42:11,114 log Unauthorized: /api/v1/auth/token/
WARNING 2026-05-01 20:42:11,477 log Unauthorized: /api/v1/auth/token/
WARNING 2026-05-01 20:42:11,837 log Unauthorized: /api/v1/auth/token/
WARNING 2026-05-01 20:42:12,193 log Unauthorized: /api/v1/auth/token/
WARNING 2026-05-01 20:42:12,194 log Too Many Requests: /api/v1/auth/token/
INFO 2026-05-01 20:47:20,493 autoreload Watching for file changes with StatReloader
INFO 2026-05-01 20:47:30,750 basehttp "GET /api/v1/schema/swagger-ui/ HTTP/1.1" 200 4659
INFO 2026-05-01 20:47:31,262 basehttp "GET /api/v1/schema/ HTTP/1.1" 200 51035
INFO 2026-05-01 20:50:48,010 basehttp "GET /api/v1/schema/swagger-ui/ HTTP/1.1" 200 4659
INFO 2026-05-01 20:50:48,304 basehttp "GET /api/v1/schema/ HTTP/1.1" 200 51035
INFO 2026-05-02 02:36:50,519 autoreload Watching for file changes with StatReloader
INFO 2026-05-02 02:36:57,507 basehttp "GET /api/v1/schema/swagger-ui/ HTTP/1.1" 200 4659
INFO 2026-05-02 02:36:57,736 basehttp "GET /api/v1/schema/ HTTP/1.1" 200 50570
INFO 2026-05-02 02:47:50,033 autoreload Watching for file changes with StatReloader
INFO 2026-05-02 02:47:57,553 basehttp "GET /api/v1/schema/swagger-ui/ HTTP/1.1" 200 4659
INFO 2026-05-02 02:47:57,772 basehttp "GET /api/v1/schema/ HTTP/1.1" 200 50570
INFO 2026-05-02 02:53:44,592 basehttp "GET /api/v1/schema/swagger-ui/ HTTP/1.1" 200 4659
INFO 2026-05-02 02:53:44,760 basehttp "GET /api/v1/schema/ HTTP/1.1" 200 50570
INFO 2026-05-02 02:57:20,431 basehttp "GET /api/v1/schema/swagger-ui/ HTTP/1.1" 200 4659
INFO 2026-05-02 02:57:20,610 basehttp "GET /api/v1/schema/ HTTP/1.1" 200 50570
WARNING 2026-05-02 03:49:03,673 log Bad Request: /api/v1/questionnaire/
ERROR 2026-05-02 03:49:04,823 log Internal Server Error: /api/v1/questionnaire/
Traceback (most recent call last):
  File "C:\Users\Valerii\animal-adoption-dss\backend\venv\Lib\site-packages\rest_framework\views.py", line 512, in dispatch
    response = handler(request, *args, **kwargs)
  File "C:\Users\Valerii\animal-adoption-dss\backend\core\views\v1\questionnaire.py", line 27, in create
    serializer.is_valid(raise_exception=True)
    ~~~~~~~~~~~~~~~~~~~^^^^^^^^^^^^^^^^^^^^^^
  File "C:\Users\Valerii\AppData\Local\Programs\Python\Python313\Lib\unittest\mock.py", line 1169, in __call__
    return self._mock_call(*args, **kwargs)
           ~~~~~~~~~~~~~~~^^^^^^^^^^^^^^^^^
  File "C:\Users\Valerii\AppData\Local\Programs\Python\Python313\Lib\unittest\mock.py", line 1173, in _mock_call
    return self._execute_mock_call(*args, **kwargs)
           ~~~~~~~~~~~~~~~~~~~~~~~^^^^^^^^^^^^^^^^^
  File "C:\Users\Valerii\AppData\Local\Programs\Python\Python313\Lib\unittest\mock.py", line 1228, in _execute_mock_call
    raise effect
rest_framework.exceptions.ValidationError: [ErrorDetail(string='CR_TOO_HIGH', code='invalid')]

During handling of the above exception, another exception occurred:

Traceback (most recent call last):
  File "C:\Users\Valerii\animal-adoption-dss\backend\venv\Lib\site-packages\django\core\handlers\exception.py", line 55, in inner
    response = get_response(request)
  File "C:\Users\Valerii\animal-adoption-dss\backend\venv\Lib\site-packages\django\core\handlers\base.py", line 197, in _get_response
    response = wrapped_callback(request, *callback_args, **callback_kwargs)
  File "C:\Users\Valerii\animal-adoption-dss\backend\venv\Lib\site-packages\django\views\decorators\csrf.py", line 56, in wrapper_view
    return view_func(*args, **kwargs)
  File "C:\Users\Valerii\animal-adoption-dss\backend\venv\Lib\site-packages\rest_framework\viewsets.py", line 125, in view
    return self.dispatch(request, *args, **kwargs)
           ~~~~~~~~~~~~~^^^^^^^^^^^^^^^^^^^^^^^^^^
  File "C:\Users\Valerii\animal-adoption-dss\backend\venv\Lib\site-packages\rest_framework\views.py", line 515, in dispatch
    response = self.handle_exception(exc)
  File "C:\Users\Valerii\animal-adoption-dss\backend\venv\Lib\site-packages\rest_framework\views.py", line 472, in handle_exception
    response = exception_handler(exc, context)
  File "C:\Users\Valerii\animal-adoption-dss\backend\core\exceptions.py", line 38, in custom_exception_handler
    "detail": response.data.get("detail", str(exc)),
              ^^^^^^^^^^^^^^^^^
AttributeError: 'list' object has no attribute 'get'
WARNING 2026-05-02 03:49:05,185 log Unauthorized: /api/v1/adoptions/
WARNING 2026-05-02 03:49:05,557 log Forbidden: /api/v1/volunteer/cabinet/
WARNING 2026-05-02 03:49:05,942 log Forbidden: /api/v1/volunteer/cabinet/
WARNING 2026-05-02 03:49:06,698 log Forbidden: /api/v1/pets/2/
ERROR 2026-05-02 03:49:07,094 log Internal Server Error: /api/v1/volunteer/requests/
Traceback (most recent call last):
  File "C:\Users\Valerii\animal-adoption-dss\backend\venv\Lib\site-packages\rest_framework\views.py", line 512, in dispatch
    response = handler(request, *args, **kwargs)
  File "C:\Users\Valerii\animal-adoption-dss\backend\venv\Lib\site-packages\drf_spectacular\drainage.py", line 207, in wrapped_method
    return method(self, request, *args, **kwargs)
  File "C:\Users\Valerii\animal-adoption-dss\backend\venv\Lib\site-packages\rest_framework\mixins.py", line 19, in create
    self.perform_create(serializer)
    ~~~~~~~~~~~~~~~~~~~^^^^^^^^^^^^
  File "C:\Users\Valerii\animal-adoption-dss\backend\core\views\v1\volunteer_request.py", line 24, in perform_create
    VolunteerRequestService.create(
    ~~~~~~~~~~~~~~~~~~~~~~~~~~~~~~^
        user=self.request.user, shelter_id=self.request.data.get("shelter")
        ^^^^^^^^^^^^^^^^^^^^^^^^^^^^^^^^^^^^^^^^^^^^^^^^^^^^^^^^^^^^^^^^^^^
    )
    ^
  File "C:\Users\Valerii\AppData\Local\Programs\Python\Python313\Lib\unittest\mock.py", line 1169, in __call__
    return self._mock_call(*args, **kwargs)
           ~~~~~~~~~~~~~~~^^^^^^^^^^^^^^^^^
  File "C:\Users\Valerii\AppData\Local\Programs\Python\Python313\Lib\unittest\mock.py", line 1173, in _mock_call
    return self._execute_mock_call(*args, **kwargs)
           ~~~~~~~~~~~~~~~~~~~~~~~^^^^^^^^^^^^^^^^^
  File "C:\Users\Valerii\AppData\Local\Programs\Python\Python313\Lib\unittest\mock.py", line 1232, in _execute_mock_call
    raise result
rest_framework.exceptions.ValidationError: [ErrorDetail(string='REQUEST_ALREADY_EXISTS', code='invalid')]

During handling of the above exception, another exception occurred:

Traceback (most recent call last):
  File "C:\Users\Valerii\animal-adoption-dss\backend\venv\Lib\site-packages\django\core\handlers\exception.py", line 55, in inner
    response = get_response(request)
  File "C:\Users\Valerii\animal-adoption-dss\backend\venv\Lib\site-packages\django\core\handlers\base.py", line 197, in _get_response
    response = wrapped_callback(request, *callback_args, **callback_kwargs)
  File "C:\Users\Valerii\animal-adoption-dss\backend\venv\Lib\site-packages\django\views\decorators\csrf.py", line 56, in wrapper_view
    return view_func(*args, **kwargs)
  File "C:\Users\Valerii\animal-adoption-dss\backend\venv\Lib\site-packages\rest_framework\viewsets.py", line 125, in view
    return self.dispatch(request, *args, **kwargs)
           ~~~~~~~~~~~~~^^^^^^^^^^^^^^^^^^^^^^^^^^
  File "C:\Users\Valerii\animal-adoption-dss\backend\venv\Lib\site-packages\rest_framework\views.py", line 515, in dispatch
    response = self.handle_exception(exc)
  File "C:\Users\Valerii\animal-adoption-dss\backend\venv\Lib\site-packages\rest_framework\views.py", line 472, in handle_exception
    response = exception_handler(exc, context)
  File "C:\Users\Valerii\animal-adoption-dss\backend\core\exceptions.py", line 38, in custom_exception_handler
    "detail": response.data.get("detail", str(exc)),
              ^^^^^^^^^^^^^^^^^
AttributeError: 'list' object has no attribute 'get'
WARNING 2026-05-02 03:49:08,185 log Unauthorized: /api/v1/auth/token/
WARNING 2026-05-02 03:49:08,553 log Unauthorized: /api/v1/auth/token/
WARNING 2026-05-02 03:49:08,917 log Unauthorized: /api/v1/auth/token/
WARNING 2026-05-02 03:49:09,279 log Unauthorized: /api/v1/auth/token/
WARNING 2026-05-02 03:49:09,640 log Unauthorized: /api/v1/auth/token/
WARNING 2026-05-02 03:49:10,006 log Unauthorized: /api/v1/auth/token/
WARNING 2026-05-02 03:49:10,366 log Unauthorized: /api/v1/auth/token/
WARNING 2026-05-02 03:49:10,368 log Too Many Requests: /api/v1/auth/token/
WARNING 2026-05-02 03:49:10,370 log Too Many Requests: /api/v1/auth/token/
WARNING 2026-05-02 03:49:10,371 log Too Many Requests: /api/v1/auth/token/
WARNING 2026-05-02 03:49:10,373 log Too Many Requests: /api/v1/auth/token/
WARNING 2026-05-02 03:49:11,338 log Too Many Requests: /api/v1/auth/token/
WARNING 2026-05-02 03:49:11,340 log Too Many Requests: /api/v1/auth/token/
WARNING 2026-05-02 03:49:11,341 log Too Many Requests: /api/v1/auth/token/
WARNING 2026-05-02 03:49:11,343 log Too Many Requests: /api/v1/auth/token/
WARNING 2026-05-02 03:49:11,344 log Too Many Requests: /api/v1/auth/token/
WARNING 2026-05-02 03:49:11,346 log Too Many Requests: /api/v1/auth/token/
WARNING 2026-05-02 03:49:11,347 log Too Many Requests: /api/v1/auth/token/
WARNING 2026-05-02 03:49:11,348 log Too Many Requests: /api/v1/auth/token/
WARNING 2026-05-02 03:49:11,350 log Too Many Requests: /api/v1/auth/token/
WARNING 2026-05-02 03:49:11,352 log Too Many Requests: /api/v1/auth/token/
WARNING 2026-05-02 03:49:11,353 log Too Many Requests: /api/v1/auth/token/
WARNING 2026-05-02 03:59:46,632 log Bad Request: /api/v1/questionnaire/
WARNING 2026-05-02 03:59:47,556 log Bad Request: /api/v1/questionnaire/
WARNING 2026-05-02 03:59:47,578 log Unauthorized: /api/v1/adoptions/
WARNING 2026-05-02 03:59:47,952 log Forbidden: /api/v1/volunteer/cabinet/
WARNING 2026-05-02 03:59:48,339 log Forbidden: /api/v1/volunteer/cabinet/
WARNING 2026-05-02 03:59:49,102 log Forbidden: /api/v1/pets/2/
WARNING 2026-05-02 03:59:49,515 log Bad Request: /api/v1/volunteer/requests/
WARNING 2026-05-02 03:59:50,256 log Unauthorized: /api/v1/auth/token/
WARNING 2026-05-02 03:59:50,621 log Unauthorized: /api/v1/auth/token/
WARNING 2026-05-02 03:59:50,980 log Unauthorized: /api/v1/auth/token/
WARNING 2026-05-02 03:59:51,342 log Unauthorized: /api/v1/auth/token/
WARNING 2026-05-02 03:59:51,711 log Unauthorized: /api/v1/auth/token/
WARNING 2026-05-02 03:59:52,086 log Unauthorized: /api/v1/auth/token/
WARNING 2026-05-02 03:59:52,457 log Unauthorized: /api/v1/auth/token/
WARNING 2026-05-02 03:59:52,459 log Too Many Requests: /api/v1/auth/token/
WARNING 2026-05-02 03:59:52,461 log Too Many Requests: /api/v1/auth/token/
WARNING 2026-05-02 03:59:52,463 log Too Many Requests: /api/v1/auth/token/
WARNING 2026-05-02 03:59:52,464 log Too Many Requests: /api/v1/auth/token/
WARNING 2026-05-02 03:59:52,853 log Bad Request: /api/v1/adoptions/
WARNING 2026-05-02 03:59:53,414 log Too Many Requests: /api/v1/auth/token/
WARNING 2026-05-02 03:59:53,415 log Too Many Requests: /api/v1/auth/token/
WARNING 2026-05-02 03:59:53,417 log Too Many Requests: /api/v1/auth/token/
WARNING 2026-05-02 03:59:53,418 log Too Many Requests: /api/v1/auth/token/
WARNING 2026-05-02 03:59:53,419 log Too Many Requests: /api/v1/auth/token/
WARNING 2026-05-02 03:59:53,420 log Too Many Requests: /api/v1/auth/token/
WARNING 2026-05-02 03:59:53,421 log Too Many Requests: /api/v1/auth/token/
WARNING 2026-05-02 03:59:53,423 log Too Many Requests: /api/v1/auth/token/
WARNING 2026-05-02 03:59:53,424 log Too Many Requests: /api/v1/auth/token/
WARNING 2026-05-02 03:59:53,426 log Too Many Requests: /api/v1/auth/token/
WARNING 2026-05-02 03:59:53,428 log Too Many Requests: /api/v1/auth/token/
WARNING 2026-05-02 04:05:46,534 log Bad Request: /api/v1/questionnaire/
WARNING 2026-05-02 04:05:47,305 log Bad Request: /api/v1/questionnaire/
WARNING 2026-05-02 04:05:47,323 log Unauthorized: /api/v1/adoptions/
WARNING 2026-05-02 04:05:47,695 log Forbidden: /api/v1/volunteer/cabinet/
WARNING 2026-05-02 04:05:49,507 log Bad Request: /api/v1/volunteer/requests/
WARNING 2026-05-02 04:05:50,257 log Unauthorized: /api/v1/auth/token/
WARNING 2026-05-02 04:05:50,619 log Unauthorized: /api/v1/auth/token/
WARNING 2026-05-02 04:05:50,985 log Unauthorized: /api/v1/auth/token/
WARNING 2026-05-02 04:05:51,362 log Unauthorized: /api/v1/auth/token/
WARNING 2026-05-02 04:05:51,723 log Unauthorized: /api/v1/auth/token/
WARNING 2026-05-02 04:05:52,099 log Unauthorized: /api/v1/auth/token/
WARNING 2026-05-02 04:05:52,478 log Unauthorized: /api/v1/auth/token/
WARNING 2026-05-02 04:05:52,479 log Too Many Requests: /api/v1/auth/token/
WARNING 2026-05-02 04:05:52,481 log Too Many Requests: /api/v1/auth/token/
WARNING 2026-05-02 04:05:52,492 log Too Many Requests: /api/v1/auth/token/
WARNING 2026-05-02 04:05:52,493 log Too Many Requests: /api/v1/auth/token/
WARNING 2026-05-02 04:05:53,380 log Too Many Requests: /api/v1/auth/token/
WARNING 2026-05-02 04:05:53,383 log Too Many Requests: /api/v1/auth/token/
WARNING 2026-05-02 04:05:53,385 log Too Many Requests: /api/v1/auth/token/
WARNING 2026-05-02 04:05:53,386 log Too Many Requests: /api/v1/auth/token/
WARNING 2026-05-02 04:05:53,387 log Too Many Requests: /api/v1/auth/token/
WARNING 2026-05-02 04:05:53,389 log Too Many Requests: /api/v1/auth/token/
WARNING 2026-05-02 04:05:53,391 log Too Many Requests: /api/v1/auth/token/
WARNING 2026-05-02 04:05:53,392 log Too Many Requests: /api/v1/auth/token/
WARNING 2026-05-02 04:05:53,393 log Too Many Requests: /api/v1/auth/token/
WARNING 2026-05-02 04:05:53,395 log Too Many Requests: /api/v1/auth/token/
WARNING 2026-05-02 04:05:53,396 log Too Many Requests: /api/v1/auth/token/
WARNING 2026-05-02 04:07:57,395 log Bad Request: /api/v1/questionnaire/
WARNING 2026-05-02 04:07:58,186 log Bad Request: /api/v1/questionnaire/
WARNING 2026-05-02 04:07:58,206 log Unauthorized: /api/v1/adoptions/
WARNING 2026-05-02 04:07:58,576 log Forbidden: /api/v1/volunteer/cabinet/
WARNING 2026-05-02 04:08:00,247 log Bad Request: /api/v1/volunteer/requests/
WARNING 2026-05-02 04:08:00,980 log Unauthorized: /api/v1/auth/token/
WARNING 2026-05-02 04:08:01,339 log Unauthorized: /api/v1/auth/token/
WARNING 2026-05-02 04:08:01,700 log Unauthorized: /api/v1/auth/token/
WARNING 2026-05-02 04:08:02,059 log Unauthorized: /api/v1/auth/token/
WARNING 2026-05-02 04:08:02,417 log Unauthorized: /api/v1/auth/token/
WARNING 2026-05-02 04:08:02,780 log Unauthorized: /api/v1/auth/token/
WARNING 2026-05-02 04:08:03,145 log Unauthorized: /api/v1/auth/token/
WARNING 2026-05-02 04:08:03,146 log Too Many Requests: /api/v1/auth/token/
WARNING 2026-05-02 04:08:03,148 log Too Many Requests: /api/v1/auth/token/
WARNING 2026-05-02 04:08:03,151 log Too Many Requests: /api/v1/auth/token/
WARNING 2026-05-02 04:08:03,153 log Too Many Requests: /api/v1/auth/token/
WARNING 2026-05-02 04:08:04,068 log Too Many Requests: /api/v1/auth/token/
WARNING 2026-05-02 04:08:04,070 log Too Many Requests: /api/v1/auth/token/
WARNING 2026-05-02 04:08:04,071 log Too Many Requests: /api/v1/auth/token/
WARNING 2026-05-02 04:08:04,073 log Too Many Requests: /api/v1/auth/token/
WARNING 2026-05-02 04:08:04,074 log Too Many Requests: /api/v1/auth/token/
WARNING 2026-05-02 04:08:04,075 log Too Many Requests: /api/v1/auth/token/
WARNING 2026-05-02 04:08:04,076 log Too Many Requests: /api/v1/auth/token/
WARNING 2026-05-02 04:08:04,078 log Too Many Requests: /api/v1/auth/token/
WARNING 2026-05-02 04:08:04,079 log Too Many Requests: /api/v1/auth/token/
WARNING 2026-05-02 04:08:04,081 log Too Many Requests: /api/v1/auth/token/
WARNING 2026-05-02 04:08:04,082 log Too Many Requests: /api/v1/auth/token/
WARNING 2026-05-02 04:09:14,114 log Bad Request: /api/v1/questionnaire/
WARNING 2026-05-02 04:09:14,891 log Bad Request: /api/v1/questionnaire/
WARNING 2026-05-02 04:09:14,912 log Unauthorized: /api/v1/adoptions/
WARNING 2026-05-02 04:09:15,290 log Forbidden: /api/v1/volunteer/cabinet/
WARNING 2026-05-02 04:09:17,067 log Bad Request: /api/v1/volunteer/requests/
WARNING 2026-05-02 04:09:17,795 log Unauthorized: /api/v1/auth/token/
WARNING 2026-05-02 04:09:18,157 log Unauthorized: /api/v1/auth/token/
WARNING 2026-05-02 04:09:18,519 log Unauthorized: /api/v1/auth/token/
WARNING 2026-05-02 04:09:18,886 log Unauthorized: /api/v1/auth/token/
WARNING 2026-05-02 04:09:19,248 log Unauthorized: /api/v1/auth/token/
WARNING 2026-05-02 04:09:19,614 log Unauthorized: /api/v1/auth/token/
WARNING 2026-05-02 04:09:19,974 log Unauthorized: /api/v1/auth/token/
WARNING 2026-05-02 04:09:19,975 log Too Many Requests: /api/v1/auth/token/
WARNING 2026-05-02 04:09:19,977 log Too Many Requests: /api/v1/auth/token/
WARNING 2026-05-02 04:09:19,988 log Too Many Requests: /api/v1/auth/token/
WARNING 2026-05-02 04:09:19,989 log Too Many Requests: /api/v1/auth/token/
WARNING 2026-05-02 04:09:20,835 log Too Many Requests: /api/v1/auth/token/
WARNING 2026-05-02 04:09:20,837 log Too Many Requests: /api/v1/auth/token/
WARNING 2026-05-02 04:09:20,838 log Too Many Requests: /api/v1/auth/token/
WARNING 2026-05-02 04:09:20,839 log Too Many Requests: /api/v1/auth/token/
WARNING 2026-05-02 04:09:20,841 log Too Many Requests: /api/v1/auth/token/
WARNING 2026-05-02 04:09:20,842 log Too Many Requests: /api/v1/auth/token/
WARNING 2026-05-02 04:09:20,843 log Too Many Requests: /api/v1/auth/token/
WARNING 2026-05-02 04:09:20,845 log Too Many Requests: /api/v1/auth/token/
WARNING 2026-05-02 04:09:20,846 log Too Many Requests: /api/v1/auth/token/
WARNING 2026-05-02 04:09:20,847 log Too Many Requests: /api/v1/auth/token/
WARNING 2026-05-02 04:09:20,854 log Too Many Requests: /api/v1/auth/token/
WARNING 2026-05-02 04:12:09,341 log Bad Request: /api/v1/questionnaire/
WARNING 2026-05-02 04:12:10,116 log Bad Request: /api/v1/questionnaire/
WARNING 2026-05-02 04:12:10,136 log Unauthorized: /api/v1/adoptions/
WARNING 2026-05-02 04:12:10,512 log Forbidden: /api/v1/volunteer/cabinet/
WARNING 2026-05-02 04:12:11,295 log Bad Request: /api/v1/volunteer/requests/
WARNING 2026-05-02 04:12:12,049 log Unauthorized: /api/v1/auth/token/
WARNING 2026-05-02 04:12:12,411 log Unauthorized: /api/v1/auth/token/
WARNING 2026-05-02 04:12:12,775 log Unauthorized: /api/v1/auth/token/
WARNING 2026-05-02 04:12:13,139 log Unauthorized: /api/v1/auth/token/
WARNING 2026-05-02 04:12:13,507 log Unauthorized: /api/v1/auth/token/
WARNING 2026-05-02 04:12:13,880 log Unauthorized: /api/v1/auth/token/
WARNING 2026-05-02 04:12:14,241 log Unauthorized: /api/v1/auth/token/
WARNING 2026-05-02 04:12:14,242 log Too Many Requests: /api/v1/auth/token/
WARNING 2026-05-02 04:12:14,244 log Too Many Requests: /api/v1/auth/token/
WARNING 2026-05-02 04:12:14,247 log Too Many Requests: /api/v1/auth/token/
WARNING 2026-05-02 04:12:14,248 log Too Many Requests: /api/v1/auth/token/
WARNING 2026-05-02 04:12:15,171 log Too Many Requests: /api/v1/auth/token/
WARNING 2026-05-02 04:12:15,172 log Too Many Requests: /api/v1/auth/token/
WARNING 2026-05-02 04:12:15,173 log Too Many Requests: /api/v1/auth/token/
WARNING 2026-05-02 04:12:15,174 log Too Many Requests: /api/v1/auth/token/
WARNING 2026-05-02 04:12:15,176 log Too Many Requests: /api/v1/auth/token/
WARNING 2026-05-02 04:12:15,177 log Too Many Requests: /api/v1/auth/token/
WARNING 2026-05-02 04:12:15,178 log Too Many Requests: /api/v1/auth/token/
WARNING 2026-05-02 04:12:15,179 log Too Many Requests: /api/v1/auth/token/
WARNING 2026-05-02 04:12:15,181 log Too Many Requests: /api/v1/auth/token/
WARNING 2026-05-02 04:12:15,182 log Too Many Requests: /api/v1/auth/token/
WARNING 2026-05-02 04:12:15,183 log Too Many Requests: /api/v1/auth/token/
WARNING 2026-05-02 04:15:45,922 log Bad Request: /api/v1/questionnaire/
WARNING 2026-05-02 04:15:46,688 log Bad Request: /api/v1/questionnaire/
WARNING 2026-05-02 04:15:46,710 log Unauthorized: /api/v1/adoptions/
WARNING 2026-05-02 04:15:47,082 log Forbidden: /api/v1/volunteer/cabinet/
WARNING 2026-05-02 04:15:48,832 log Bad Request: /api/v1/volunteer/requests/
WARNING 2026-05-02 04:15:49,567 log Unauthorized: /api/v1/auth/token/
WARNING 2026-05-02 04:15:49,926 log Unauthorized: /api/v1/auth/token/
WARNING 2026-05-02 04:15:50,286 log Unauthorized: /api/v1/auth/token/
WARNING 2026-05-02 04:15:50,653 log Unauthorized: /api/v1/auth/token/
WARNING 2026-05-02 04:15:51,014 log Unauthorized: /api/v1/auth/token/
WARNING 2026-05-02 04:15:51,378 log Unauthorized: /api/v1/auth/token/
WARNING 2026-05-02 04:15:51,742 log Unauthorized: /api/v1/auth/token/
WARNING 2026-05-02 04:15:51,743 log Too Many Requests: /api/v1/auth/token/
WARNING 2026-05-02 04:15:51,745 log Too Many Requests: /api/v1/auth/token/
WARNING 2026-05-02 04:15:51,747 log Too Many Requests: /api/v1/auth/token/
WARNING 2026-05-02 04:15:51,748 log Too Many Requests: /api/v1/auth/token/
WARNING 2026-05-02 04:15:52,635 log Too Many Requests: /api/v1/auth/token/
WARNING 2026-05-02 04:15:52,636 log Too Many Requests: /api/v1/auth/token/
WARNING 2026-05-02 04:15:52,638 log Too Many Requests: /api/v1/auth/token/
WARNING 2026-05-02 04:15:52,639 log Too Many Requests: /api/v1/auth/token/
WARNING 2026-05-02 04:15:52,640 log Too Many Requests: /api/v1/auth/token/
WARNING 2026-05-02 04:15:52,641 log Too Many Requests: /api/v1/auth/token/
WARNING 2026-05-02 04:15:52,643 log Too Many Requests: /api/v1/auth/token/
WARNING 2026-05-02 04:15:52,644 log Too Many Requests: /api/v1/auth/token/
WARNING 2026-05-02 04:15:52,645 log Too Many Requests: /api/v1/auth/token/
WARNING 2026-05-02 04:15:52,646 log Too Many Requests: /api/v1/auth/token/
WARNING 2026-05-02 04:15:52,653 log Too Many Requests: /api/v1/auth/token/
WARNING 2026-05-02 04:17:21,728 log Bad Request: /api/v1/questionnaire/
WARNING 2026-05-02 04:17:22,510 log Bad Request: /api/v1/questionnaire/
WARNING 2026-05-02 04:17:22,533 log Unauthorized: /api/v1/adoptions/
WARNING 2026-05-02 04:17:22,904 log Forbidden: /api/v1/volunteer/cabinet/
WARNING 2026-05-02 04:17:24,664 log Bad Request: /api/v1/volunteer/requests/
WARNING 2026-05-02 04:17:25,400 log Unauthorized: /api/v1/auth/token/
WARNING 2026-05-02 04:17:25,770 log Unauthorized: /api/v1/auth/token/
WARNING 2026-05-02 04:17:26,136 log Unauthorized: /api/v1/auth/token/
WARNING 2026-05-02 04:17:26,490 log Unauthorized: /api/v1/auth/token/
WARNING 2026-05-02 04:17:26,852 log Unauthorized: /api/v1/auth/token/
WARNING 2026-05-02 04:17:27,208 log Unauthorized: /api/v1/auth/token/
WARNING 2026-05-02 04:17:27,560 log Unauthorized: /api/v1/auth/token/
WARNING 2026-05-02 04:17:27,562 log Too Many Requests: /api/v1/auth/token/
WARNING 2026-05-02 04:17:27,563 log Too Many Requests: /api/v1/auth/token/
WARNING 2026-05-02 04:17:27,573 log Too Many Requests: /api/v1/auth/token/
WARNING 2026-05-02 04:17:27,574 log Too Many Requests: /api/v1/auth/token/
WARNING 2026-05-02 04:17:28,513 log Too Many Requests: /api/v1/auth/token/
WARNING 2026-05-02 04:17:28,515 log Too Many Requests: /api/v1/auth/token/
WARNING 2026-05-02 04:17:28,516 log Too Many Requests: /api/v1/auth/token/
WARNING 2026-05-02 04:17:28,517 log Too Many Requests: /api/v1/auth/token/
WARNING 2026-05-02 04:17:28,519 log Too Many Requests: /api/v1/auth/token/
WARNING 2026-05-02 04:17:28,520 log Too Many Requests: /api/v1/auth/token/
WARNING 2026-05-02 04:17:28,522 log Too Many Requests: /api/v1/auth/token/
WARNING 2026-05-02 04:17:28,523 log Too Many Requests: /api/v1/auth/token/
WARNING 2026-05-02 04:17:28,524 log Too Many Requests: /api/v1/auth/token/
WARNING 2026-05-02 04:17:28,526 log Too Many Requests: /api/v1/auth/token/
WARNING 2026-05-02 04:17:28,533 log Too Many Requests: /api/v1/auth/token/
WARNING 2026-05-02 04:19:18,388 log Bad Request: /api/v1/questionnaire/
WARNING 2026-05-02 04:19:19,158 log Bad Request: /api/v1/questionnaire/
WARNING 2026-05-02 04:19:19,178 log Unauthorized: /api/v1/adoptions/
WARNING 2026-05-02 04:19:19,549 log Forbidden: /api/v1/volunteer/cabinet/
WARNING 2026-05-02 04:19:21,256 log Bad Request: /api/v1/volunteer/requests/
WARNING 2026-05-02 04:19:22,009 log Unauthorized: /api/v1/auth/token/
WARNING 2026-05-02 04:19:22,375 log Unauthorized: /api/v1/auth/token/
WARNING 2026-05-02 04:19:22,734 log Unauthorized: /api/v1/auth/token/
WARNING 2026-05-02 04:19:23,097 log Unauthorized: /api/v1/auth/token/
WARNING 2026-05-02 04:19:23,456 log Unauthorized: /api/v1/auth/token/
WARNING 2026-05-02 04:19:23,817 log Unauthorized: /api/v1/auth/token/
WARNING 2026-05-02 04:19:24,180 log Unauthorized: /api/v1/auth/token/
WARNING 2026-05-02 04:19:24,181 log Too Many Requests: /api/v1/auth/token/
WARNING 2026-05-02 04:19:24,183 log Too Many Requests: /api/v1/auth/token/
WARNING 2026-05-02 04:19:24,192 log Too Many Requests: /api/v1/auth/token/
WARNING 2026-05-02 04:19:24,193 log Too Many Requests: /api/v1/auth/token/
WARNING 2026-05-02 04:19:25,113 log Too Many Requests: /api/v1/auth/token/
WARNING 2026-05-02 04:19:25,114 log Too Many Requests: /api/v1/auth/token/
WARNING 2026-05-02 04:19:25,116 log Too Many Requests: /api/v1/auth/token/
WARNING 2026-05-02 04:19:25,117 log Too Many Requests: /api/v1/auth/token/
WARNING 2026-05-02 04:19:25,118 log Too Many Requests: /api/v1/auth/token/
WARNING 2026-05-02 04:19:25,119 log Too Many Requests: /api/v1/auth/token/
WARNING 2026-05-02 04:19:25,121 log Too Many Requests: /api/v1/auth/token/
WARNING 2026-05-02 04:19:25,122 log Too Many Requests: /api/v1/auth/token/
WARNING 2026-05-02 04:19:25,123 log Too Many Requests: /api/v1/auth/token/
WARNING 2026-05-02 04:19:25,124 log Too Many Requests: /api/v1/auth/token/
WARNING 2026-05-02 04:19:25,126 log Too Many Requests: /api/v1/auth/token/
WARNING 2026-05-02 04:20:41,593 log Bad Request: /api/v1/questionnaire/
WARNING 2026-05-02 04:20:42,377 log Bad Request: /api/v1/questionnaire/
WARNING 2026-05-02 04:20:42,397 log Unauthorized: /api/v1/adoptions/
WARNING 2026-05-02 04:20:42,774 log Forbidden: /api/v1/volunteer/cabinet/
WARNING 2026-05-02 04:20:44,521 log Bad Request: /api/v1/volunteer/requests/
WARNING 2026-05-02 04:20:45,259 log Unauthorized: /api/v1/auth/token/
WARNING 2026-05-02 04:20:45,628 log Unauthorized: /api/v1/auth/token/
WARNING 2026-05-02 04:20:45,988 log Unauthorized: /api/v1/auth/token/
WARNING 2026-05-02 04:20:46,350 log Unauthorized: /api/v1/auth/token/
WARNING 2026-05-02 04:20:46,712 log Unauthorized: /api/v1/auth/token/
WARNING 2026-05-02 04:20:47,075 log Unauthorized: /api/v1/auth/token/
WARNING 2026-05-02 04:20:47,435 log Unauthorized: /api/v1/auth/token/
WARNING 2026-05-02 04:20:47,437 log Too Many Requests: /api/v1/auth/token/
WARNING 2026-05-02 04:20:47,439 log Too Many Requests: /api/v1/auth/token/
WARNING 2026-05-02 04:20:47,449 log Too Many Requests: /api/v1/auth/token/
WARNING 2026-05-02 04:20:47,451 log Too Many Requests: /api/v1/auth/token/
WARNING 2026-05-02 04:20:48,387 log Too Many Requests: /api/v1/auth/token/
WARNING 2026-05-02 04:20:48,388 log Too Many Requests: /api/v1/auth/token/
WARNING 2026-05-02 04:20:48,390 log Too Many Requests: /api/v1/auth/token/
WARNING 2026-05-02 04:20:48,391 log Too Many Requests: /api/v1/auth/token/
WARNING 2026-05-02 04:20:48,392 log Too Many Requests: /api/v1/auth/token/
WARNING 2026-05-02 04:20:48,393 log Too Many Requests: /api/v1/auth/token/
WARNING 2026-05-02 04:20:48,395 log Too Many Requests: /api/v1/auth/token/
WARNING 2026-05-02 04:20:48,396 log Too Many Requests: /api/v1/auth/token/
WARNING 2026-05-02 04:20:48,397 log Too Many Requests: /api/v1/auth/token/
WARNING 2026-05-02 04:20:48,398 log Too Many Requests: /api/v1/auth/token/
WARNING 2026-05-02 04:20:48,405 log Too Many Requests: /api/v1/auth/token/
WARNING 2026-05-02 04:23:22,263 log Bad Request: /api/v1/questionnaire/
WARNING 2026-05-02 04:23:23,046 log Bad Request: /api/v1/questionnaire/
WARNING 2026-05-02 04:23:23,066 log Unauthorized: /api/v1/adoptions/
WARNING 2026-05-02 04:23:23,441 log Forbidden: /api/v1/volunteer/cabinet/
WARNING 2026-05-02 04:23:25,188 log Bad Request: /api/v1/volunteer/requests/
WARNING 2026-05-02 04:23:25,919 log Unauthorized: /api/v1/auth/token/
WARNING 2026-05-02 04:23:26,284 log Unauthorized: /api/v1/auth/token/
WARNING 2026-05-02 04:23:26,643 log Unauthorized: /api/v1/auth/token/
WARNING 2026-05-02 04:23:27,013 log Unauthorized: /api/v1/auth/token/
WARNING 2026-05-02 04:23:27,381 log Unauthorized: /api/v1/auth/token/
WARNING 2026-05-02 04:23:27,743 log Unauthorized: /api/v1/auth/token/
WARNING 2026-05-02 04:23:28,106 log Unauthorized: /api/v1/auth/token/
WARNING 2026-05-02 04:23:28,108 log Too Many Requests: /api/v1/auth/token/
WARNING 2026-05-02 04:23:28,109 log Too Many Requests: /api/v1/auth/token/
WARNING 2026-05-02 04:23:28,113 log Too Many Requests: /api/v1/auth/token/
WARNING 2026-05-02 04:23:28,114 log Too Many Requests: /api/v1/auth/token/
WARNING 2026-05-02 04:23:29,022 log Too Many Requests: /api/v1/auth/token/
WARNING 2026-05-02 04:23:29,023 log Too Many Requests: /api/v1/auth/token/
WARNING 2026-05-02 04:23:29,025 log Too Many Requests: /api/v1/auth/token/
WARNING 2026-05-02 04:23:29,026 log Too Many Requests: /api/v1/auth/token/
WARNING 2026-05-02 04:23:29,028 log Too Many Requests: /api/v1/auth/token/
WARNING 2026-05-02 04:23:29,029 log Too Many Requests: /api/v1/auth/token/
WARNING 2026-05-02 04:23:29,030 log Too Many Requests: /api/v1/auth/token/
WARNING 2026-05-02 04:23:29,032 log Too Many Requests: /api/v1/auth/token/
WARNING 2026-05-02 04:23:29,033 log Too Many Requests: /api/v1/auth/token/
WARNING 2026-05-02 04:23:29,035 log Too Many Requests: /api/v1/auth/token/
WARNING 2026-05-02 04:23:29,042 log Too Many Requests: /api/v1/auth/token/
WARNING 2026-05-02 04:25:57,053 log Bad Request: /api/v1/questionnaire/
WARNING 2026-05-02 04:25:57,824 log Bad Request: /api/v1/questionnaire/
WARNING 2026-05-02 04:25:57,844 log Unauthorized: /api/v1/adoptions/
WARNING 2026-05-02 04:25:58,224 log Forbidden: /api/v1/volunteer/cabinet/
WARNING 2026-05-02 04:25:59,988 log Bad Request: /api/v1/volunteer/requests/
WARNING 2026-05-02 04:26:00,723 log Unauthorized: /api/v1/auth/token/
WARNING 2026-05-02 04:26:01,087 log Unauthorized: /api/v1/auth/token/
WARNING 2026-05-02 04:26:01,443 log Unauthorized: /api/v1/auth/token/
WARNING 2026-05-02 04:26:01,816 log Unauthorized: /api/v1/auth/token/
WARNING 2026-05-02 04:26:02,183 log Unauthorized: /api/v1/auth/token/
WARNING 2026-05-02 04:26:02,542 log Unauthorized: /api/v1/auth/token/
WARNING 2026-05-02 04:26:02,902 log Unauthorized: /api/v1/auth/token/
WARNING 2026-05-02 04:26:02,903 log Too Many Requests: /api/v1/auth/token/
WARNING 2026-05-02 04:26:02,905 log Too Many Requests: /api/v1/auth/token/
WARNING 2026-05-02 04:26:02,916 log Too Many Requests: /api/v1/auth/token/
WARNING 2026-05-02 04:26:02,917 log Too Many Requests: /api/v1/auth/token/
WARNING 2026-05-02 04:26:03,813 log Too Many Requests: /api/v1/auth/token/
WARNING 2026-05-02 04:26:03,814 log Too Many Requests: /api/v1/auth/token/
WARNING 2026-05-02 04:26:03,816 log Too Many Requests: /api/v1/auth/token/
WARNING 2026-05-02 04:26:03,817 log Too Many Requests: /api/v1/auth/token/
WARNING 2026-05-02 04:26:03,819 log Too Many Requests: /api/v1/auth/token/
WARNING 2026-05-02 04:26:03,820 log Too Many Requests: /api/v1/auth/token/
WARNING 2026-05-02 04:26:03,822 log Too Many Requests: /api/v1/auth/token/
WARNING 2026-05-02 04:26:03,823 log Too Many Requests: /api/v1/auth/token/
WARNING 2026-05-02 04:26:03,824 log Too Many Requests: /api/v1/auth/token/
WARNING 2026-05-02 04:26:03,825 log Too Many Requests: /api/v1/auth/token/
WARNING 2026-05-02 04:26:03,832 log Too Many Requests: /api/v1/auth/token/
WARNING 2026-05-02 04:28:41,478 log Bad Request: /api/v1/questionnaire/
WARNING 2026-05-02 04:28:42,254 log Bad Request: /api/v1/questionnaire/
WARNING 2026-05-02 04:28:42,274 log Unauthorized: /api/v1/adoptions/
WARNING 2026-05-02 04:28:42,644 log Forbidden: /api/v1/volunteer/cabinet/
WARNING 2026-05-02 04:28:44,323 log Bad Request: /api/v1/volunteer/requests/
WARNING 2026-05-02 04:28:45,064 log Unauthorized: /api/v1/auth/token/
WARNING 2026-05-02 04:28:45,420 log Unauthorized: /api/v1/auth/token/
WARNING 2026-05-02 04:28:45,784 log Unauthorized: /api/v1/auth/token/
WARNING 2026-05-02 04:28:46,150 log Unauthorized: /api/v1/auth/token/
WARNING 2026-05-02 04:28:46,516 log Unauthorized: /api/v1/auth/token/
WARNING 2026-05-02 04:28:46,880 log Unauthorized: /api/v1/auth/token/
WARNING 2026-05-02 04:28:47,242 log Unauthorized: /api/v1/auth/token/
WARNING 2026-05-02 04:28:47,243 log Too Many Requests: /api/v1/auth/token/
WARNING 2026-05-02 04:28:47,245 log Too Many Requests: /api/v1/auth/token/
WARNING 2026-05-02 04:28:47,255 log Too Many Requests: /api/v1/auth/token/
WARNING 2026-05-02 04:28:47,257 log Too Many Requests: /api/v1/auth/token/
WARNING 2026-05-02 04:28:48,195 log Too Many Requests: /api/v1/auth/token/
WARNING 2026-05-02 04:28:48,197 log Too Many Requests: /api/v1/auth/token/
WARNING 2026-05-02 04:28:48,199 log Too Many Requests: /api/v1/auth/token/
WARNING 2026-05-02 04:28:48,200 log Too Many Requests: /api/v1/auth/token/
WARNING 2026-05-02 04:28:48,202 log Too Many Requests: /api/v1/auth/token/
WARNING 2026-05-02 04:28:48,203 log Too Many Requests: /api/v1/auth/token/
WARNING 2026-05-02 04:28:48,204 log Too Many Requests: /api/v1/auth/token/
WARNING 2026-05-02 04:28:48,205 log Too Many Requests: /api/v1/auth/token/
WARNING 2026-05-02 04:28:48,207 log Too Many Requests: /api/v1/auth/token/
WARNING 2026-05-02 04:28:48,208 log Too Many Requests: /api/v1/auth/token/
WARNING 2026-05-02 04:28:48,209 log Too Many Requests: /api/v1/auth/token/
WARNING 2026-05-02 04:31:26,459 log Bad Request: /api/v1/questionnaire/
WARNING 2026-05-02 04:31:27,221 log Bad Request: /api/v1/questionnaire/
WARNING 2026-05-02 04:31:27,242 log Unauthorized: /api/v1/adoptions/
WARNING 2026-05-02 04:31:27,613 log Forbidden: /api/v1/volunteer/cabinet/
WARNING 2026-05-02 04:31:29,358 log Bad Request: /api/v1/volunteer/requests/
WARNING 2026-05-02 04:31:30,090 log Unauthorized: /api/v1/auth/token/
WARNING 2026-05-02 04:31:30,450 log Unauthorized: /api/v1/auth/token/
WARNING 2026-05-02 04:31:30,815 log Unauthorized: /api/v1/auth/token/
WARNING 2026-05-02 04:31:31,190 log Unauthorized: /api/v1/auth/token/
WARNING 2026-05-02 04:31:31,550 log Unauthorized: /api/v1/auth/token/
WARNING 2026-05-02 04:31:31,916 log Unauthorized: /api/v1/auth/token/
WARNING 2026-05-02 04:31:32,281 log Unauthorized: /api/v1/auth/token/
WARNING 2026-05-02 04:31:32,283 log Too Many Requests: /api/v1/auth/token/
WARNING 2026-05-02 04:31:32,284 log Too Many Requests: /api/v1/auth/token/
WARNING 2026-05-02 04:31:32,288 log Too Many Requests: /api/v1/auth/token/
WARNING 2026-05-02 04:31:32,289 log Too Many Requests: /api/v1/auth/token/
WARNING 2026-05-02 04:31:33,199 log Too Many Requests: /api/v1/auth/token/
WARNING 2026-05-02 04:31:33,200 log Too Many Requests: /api/v1/auth/token/
WARNING 2026-05-02 04:31:33,202 log Too Many Requests: /api/v1/auth/token/
WARNING 2026-05-02 04:31:33,203 log Too Many Requests: /api/v1/auth/token/
WARNING 2026-05-02 04:31:33,204 log Too Many Requests: /api/v1/auth/token/
WARNING 2026-05-02 04:31:33,206 log Too Many Requests: /api/v1/auth/token/
WARNING 2026-05-02 04:31:33,207 log Too Many Requests: /api/v1/auth/token/
WARNING 2026-05-02 04:31:33,209 log Too Many Requests: /api/v1/auth/token/
WARNING 2026-05-02 04:31:33,210 log Too Many Requests: /api/v1/auth/token/
WARNING 2026-05-02 04:31:33,212 log Too Many Requests: /api/v1/auth/token/
WARNING 2026-05-02 04:31:33,218 log Too Many Requests: /api/v1/auth/token/
WARNING 2026-05-02 04:34:50,347 log Bad Request: /api/v1/questionnaire/
WARNING 2026-05-02 04:34:51,127 log Bad Request: /api/v1/questionnaire/
WARNING 2026-05-02 04:34:51,151 log Unauthorized: /api/v1/adoptions/
WARNING 2026-05-02 04:34:51,527 log Forbidden: /api/v1/volunteer/cabinet/
WARNING 2026-05-02 04:34:53,274 log Bad Request: /api/v1/volunteer/requests/
WARNING 2026-05-02 04:34:54,024 log Unauthorized: /api/v1/auth/token/
WARNING 2026-05-02 04:34:54,389 log Unauthorized: /api/v1/auth/token/
WARNING 2026-05-02 04:34:54,746 log Unauthorized: /api/v1/auth/token/
WARNING 2026-05-02 04:34:55,106 log Unauthorized: /api/v1/auth/token/
WARNING 2026-05-02 04:34:55,464 log Unauthorized: /api/v1/auth/token/
WARNING 2026-05-02 04:34:55,823 log Unauthorized: /api/v1/auth/token/
WARNING 2026-05-02 04:34:56,195 log Unauthorized: /api/v1/auth/token/
WARNING 2026-05-02 04:34:56,197 log Too Many Requests: /api/v1/auth/token/
WARNING 2026-05-02 04:34:56,198 log Too Many Requests: /api/v1/auth/token/
WARNING 2026-05-02 04:34:56,202 log Too Many Requests: /api/v1/auth/token/
WARNING 2026-05-02 04:34:56,203 log Too Many Requests: /api/v1/auth/token/
WARNING 2026-05-02 04:34:57,142 log Too Many Requests: /api/v1/auth/token/
WARNING 2026-05-02 04:34:57,144 log Too Many Requests: /api/v1/auth/token/
WARNING 2026-05-02 04:34:57,145 log Too Many Requests: /api/v1/auth/token/
WARNING 2026-05-02 04:34:57,146 log Too Many Requests: /api/v1/auth/token/
WARNING 2026-05-02 04:34:57,147 log Too Many Requests: /api/v1/auth/token/
WARNING 2026-05-02 04:34:57,148 log Too Many Requests: /api/v1/auth/token/
WARNING 2026-05-02 04:34:57,149 log Too Many Requests: /api/v1/auth/token/
WARNING 2026-05-02 04:34:57,151 log Too Many Requests: /api/v1/auth/token/
WARNING 2026-05-02 04:34:57,152 log Too Many Requests: /api/v1/auth/token/
WARNING 2026-05-02 04:34:57,154 log Too Many Requests: /api/v1/auth/token/
WARNING 2026-05-02 04:34:57,160 log Too Many Requests: /api/v1/auth/token/
WARNING 2026-05-02 04:37:17,280 log Bad Request: /api/v1/questionnaire/
WARNING 2026-05-02 04:37:18,202 log Bad Request: /api/v1/questionnaire/
WARNING 2026-05-02 04:37:18,221 log Unauthorized: /api/v1/adoptions/
WARNING 2026-05-02 04:37:18,592 log Forbidden: /api/v1/volunteer/cabinet/
WARNING 2026-05-02 04:37:20,253 log Bad Request: /api/v1/volunteer/requests/
WARNING 2026-05-02 04:37:20,995 log Unauthorized: /api/v1/auth/token/
WARNING 2026-05-02 04:37:21,352 log Unauthorized: /api/v1/auth/token/
WARNING 2026-05-02 04:37:21,711 log Unauthorized: /api/v1/auth/token/
WARNING 2026-05-02 04:37:22,072 log Unauthorized: /api/v1/auth/token/
WARNING 2026-05-02 04:37:22,436 log Unauthorized: /api/v1/auth/token/
WARNING 2026-05-02 04:37:22,799 log Unauthorized: /api/v1/auth/token/
WARNING 2026-05-02 04:37:23,162 log Unauthorized: /api/v1/auth/token/
WARNING 2026-05-02 04:37:23,164 log Too Many Requests: /api/v1/auth/token/
WARNING 2026-05-02 04:37:23,166 log Too Many Requests: /api/v1/auth/token/
WARNING 2026-05-02 04:37:23,178 log Too Many Requests: /api/v1/auth/token/
WARNING 2026-05-02 04:37:23,179 log Too Many Requests: /api/v1/auth/token/
WARNING 2026-05-02 04:37:24,152 log Too Many Requests: /api/v1/auth/token/
WARNING 2026-05-02 04:37:24,153 log Too Many Requests: /api/v1/auth/token/
WARNING 2026-05-02 04:37:24,155 log Too Many Requests: /api/v1/auth/token/
WARNING 2026-05-02 04:37:24,156 log Too Many Requests: /api/v1/auth/token/
WARNING 2026-05-02 04:37:24,158 log Too Many Requests: /api/v1/auth/token/
WARNING 2026-05-02 04:37:24,159 log Too Many Requests: /api/v1/auth/token/
WARNING 2026-05-02 04:37:24,160 log Too Many Requests: /api/v1/auth/token/
WARNING 2026-05-02 04:37:24,162 log Too Many Requests: /api/v1/auth/token/
WARNING 2026-05-02 04:37:24,163 log Too Many Requests: /api/v1/auth/token/
WARNING 2026-05-02 04:37:24,165 log Too Many Requests: /api/v1/auth/token/
WARNING 2026-05-02 04:37:24,166 log Too Many Requests: /api/v1/auth/token/
WARNING 2026-05-02 04:45:50,536 log Bad Request: /api/v1/questionnaire/
WARNING 2026-05-02 04:45:51,475 log Bad Request: /api/v1/questionnaire/
WARNING 2026-05-02 04:45:51,495 log Unauthorized: /api/v1/adoptions/
WARNING 2026-05-02 04:45:51,872 log Forbidden: /api/v1/volunteer/cabinet/
WARNING 2026-05-02 04:45:53,534 log Bad Request: /api/v1/volunteer/requests/
WARNING 2026-05-02 04:45:54,267 log Unauthorized: /api/v1/auth/token/
WARNING 2026-05-02 04:45:54,629 log Unauthorized: /api/v1/auth/token/
WARNING 2026-05-02 04:45:54,992 log Unauthorized: /api/v1/auth/token/
WARNING 2026-05-02 04:45:55,355 log Unauthorized: /api/v1/auth/token/
WARNING 2026-05-02 04:45:55,715 log Unauthorized: /api/v1/auth/token/
WARNING 2026-05-02 04:45:56,075 log Unauthorized: /api/v1/auth/token/
WARNING 2026-05-02 04:45:56,435 log Unauthorized: /api/v1/auth/token/
WARNING 2026-05-02 04:45:56,436 log Too Many Requests: /api/v1/auth/token/
WARNING 2026-05-02 04:45:56,438 log Too Many Requests: /api/v1/auth/token/
WARNING 2026-05-02 04:45:56,445 log Too Many Requests: /api/v1/auth/token/
WARNING 2026-05-02 04:45:56,447 log Too Many Requests: /api/v1/auth/token/
WARNING 2026-05-02 04:45:57,385 log Too Many Requests: /api/v1/auth/token/
WARNING 2026-05-02 04:45:57,387 log Too Many Requests: /api/v1/auth/token/
WARNING 2026-05-02 04:45:57,388 log Too Many Requests: /api/v1/auth/token/
WARNING 2026-05-02 04:45:57,390 log Too Many Requests: /api/v1/auth/token/
WARNING 2026-05-02 04:45:57,391 log Too Many Requests: /api/v1/auth/token/
WARNING 2026-05-02 04:45:57,392 log Too Many Requests: /api/v1/auth/token/
WARNING 2026-05-02 04:45:57,393 log Too Many Requests: /api/v1/auth/token/
WARNING 2026-05-02 04:45:57,395 log Too Many Requests: /api/v1/auth/token/
WARNING 2026-05-02 04:45:57,396 log Too Many Requests: /api/v1/auth/token/
WARNING 2026-05-02 04:45:57,398 log Too Many Requests: /api/v1/auth/token/
WARNING 2026-05-02 04:45:57,399 log Too Many Requests: /api/v1/auth/token/
WARNING 2026-05-02 04:51:56,638 log Bad Request: /api/v1/questionnaire/
WARNING 2026-05-02 04:51:57,411 log Bad Request: /api/v1/questionnaire/
WARNING 2026-05-02 04:51:57,433 log Unauthorized: /api/v1/adoptions/
WARNING 2026-05-02 04:51:57,807 log Forbidden: /api/v1/volunteer/cabinet/
WARNING 2026-05-02 04:51:59,339 log Bad Request: /api/v1/volunteer/requests/
WARNING 2026-05-02 04:52:00,073 log Unauthorized: /api/v1/auth/token/
WARNING 2026-05-02 04:52:00,434 log Unauthorized: /api/v1/auth/token/
WARNING 2026-05-02 04:52:00,800 log Unauthorized: /api/v1/auth/token/
WARNING 2026-05-02 04:52:01,169 log Unauthorized: /api/v1/auth/token/
WARNING 2026-05-02 04:52:01,528 log Unauthorized: /api/v1/auth/token/
WARNING 2026-05-02 04:52:01,890 log Unauthorized: /api/v1/auth/token/
WARNING 2026-05-02 04:52:02,252 log Unauthorized: /api/v1/auth/token/
WARNING 2026-05-02 04:52:02,254 log Too Many Requests: /api/v1/auth/token/
WARNING 2026-05-02 04:52:02,256 log Too Many Requests: /api/v1/auth/token/
WARNING 2026-05-02 04:52:02,258 log Too Many Requests: /api/v1/auth/token/
WARNING 2026-05-02 04:52:02,260 log Too Many Requests: /api/v1/auth/token/
WARNING 2026-05-02 04:52:03,192 log Too Many Requests: /api/v1/auth/token/
WARNING 2026-05-02 04:52:03,193 log Too Many Requests: /api/v1/auth/token/
WARNING 2026-05-02 04:52:03,195 log Too Many Requests: /api/v1/auth/token/
WARNING 2026-05-02 04:52:03,196 log Too Many Requests: /api/v1/auth/token/
WARNING 2026-05-02 04:52:03,197 log Too Many Requests: /api/v1/auth/token/
WARNING 2026-05-02 04:52:03,198 log Too Many Requests: /api/v1/auth/token/
WARNING 2026-05-02 04:52:03,200 log Too Many Requests: /api/v1/auth/token/
WARNING 2026-05-02 04:52:03,201 log Too Many Requests: /api/v1/auth/token/
WARNING 2026-05-02 04:52:03,202 log Too Many Requests: /api/v1/auth/token/
WARNING 2026-05-02 04:52:03,203 log Too Many Requests: /api/v1/auth/token/
WARNING 2026-05-02 04:52:03,205 log Too Many Requests: /api/v1/auth/token/
WARNING 2026-05-02 05:01:59,434 log Bad Request: /api/v1/questionnaire/
WARNING 2026-05-02 05:02:00,201 log Bad Request: /api/v1/questionnaire/
WARNING 2026-05-02 05:02:00,223 log Unauthorized: /api/v1/adoptions/
WARNING 2026-05-02 05:02:00,601 log Forbidden: /api/v1/volunteer/cabinet/
WARNING 2026-05-02 05:02:02,128 log Bad Request: /api/v1/volunteer/requests/
WARNING 2026-05-02 05:02:02,869 log Unauthorized: /api/v1/auth/token/
WARNING 2026-05-02 05:02:03,231 log Unauthorized: /api/v1/auth/token/
WARNING 2026-05-02 05:02:03,591 log Unauthorized: /api/v1/auth/token/
WARNING 2026-05-02 05:02:03,955 log Unauthorized: /api/v1/auth/token/
WARNING 2026-05-02 05:02:04,320 log Unauthorized: /api/v1/auth/token/
WARNING 2026-05-02 05:02:04,682 log Unauthorized: /api/v1/auth/token/
WARNING 2026-05-02 05:02:05,047 log Unauthorized: /api/v1/auth/token/
WARNING 2026-05-02 05:02:05,049 log Too Many Requests: /api/v1/auth/token/
WARNING 2026-05-02 05:02:05,051 log Too Many Requests: /api/v1/auth/token/
WARNING 2026-05-02 05:02:05,062 log Too Many Requests: /api/v1/auth/token/
WARNING 2026-05-02 05:02:05,064 log Too Many Requests: /api/v1/auth/token/
WARNING 2026-05-02 05:02:05,992 log Too Many Requests: /api/v1/auth/token/
WARNING 2026-05-02 05:02:05,993 log Too Many Requests: /api/v1/auth/token/
WARNING 2026-05-02 05:02:05,995 log Too Many Requests: /api/v1/auth/token/
WARNING 2026-05-02 05:02:05,996 log Too Many Requests: /api/v1/auth/token/
WARNING 2026-05-02 05:02:05,998 log Too Many Requests: /api/v1/auth/token/
WARNING 2026-05-02 05:02:05,999 log Too Many Requests: /api/v1/auth/token/
WARNING 2026-05-02 05:02:06,000 log Too Many Requests: /api/v1/auth/token/
WARNING 2026-05-02 05:02:06,001 log Too Many Requests: /api/v1/auth/token/
WARNING 2026-05-02 05:02:06,003 log Too Many Requests: /api/v1/auth/token/
WARNING 2026-05-02 05:02:06,004 log Too Many Requests: /api/v1/auth/token/
WARNING 2026-05-02 05:02:06,005 log Too Many Requests: /api/v1/auth/token/
WARNING 2026-05-02 05:11:13,425 log Bad Request: /api/v1/questionnaire/
WARNING 2026-05-02 05:11:14,191 log Bad Request: /api/v1/questionnaire/
WARNING 2026-05-02 05:11:14,211 log Unauthorized: /api/v1/adoptions/
WARNING 2026-05-02 05:11:14,585 log Forbidden: /api/v1/volunteer/cabinet/
WARNING 2026-05-02 05:11:16,116 log Bad Request: /api/v1/volunteer/requests/
WARNING 2026-05-02 05:11:16,852 log Unauthorized: /api/v1/auth/token/
WARNING 2026-05-02 05:11:17,213 log Unauthorized: /api/v1/auth/token/
WARNING 2026-05-02 05:11:17,575 log Unauthorized: /api/v1/auth/token/
WARNING 2026-05-02 05:11:17,942 log Unauthorized: /api/v1/auth/token/
WARNING 2026-05-02 05:11:18,304 log Unauthorized: /api/v1/auth/token/
WARNING 2026-05-02 05:11:18,667 log Unauthorized: /api/v1/auth/token/
WARNING 2026-05-02 05:11:19,032 log Unauthorized: /api/v1/auth/token/
WARNING 2026-05-02 05:11:19,034 log Too Many Requests: /api/v1/auth/token/
WARNING 2026-05-02 05:11:19,035 log Too Many Requests: /api/v1/auth/token/
WARNING 2026-05-02 05:11:19,039 log Too Many Requests: /api/v1/auth/token/
WARNING 2026-05-02 05:11:19,040 log Too Many Requests: /api/v1/auth/token/
WARNING 2026-05-02 05:11:19,970 log Too Many Requests: /api/v1/auth/token/
WARNING 2026-05-02 05:11:19,972 log Too Many Requests: /api/v1/auth/token/
WARNING 2026-05-02 05:11:19,973 log Too Many Requests: /api/v1/auth/token/
WARNING 2026-05-02 05:11:19,974 log Too Many Requests: /api/v1/auth/token/
WARNING 2026-05-02 05:11:19,976 log Too Many Requests: /api/v1/auth/token/
WARNING 2026-05-02 05:11:19,977 log Too Many Requests: /api/v1/auth/token/
WARNING 2026-05-02 05:11:19,978 log Too Many Requests: /api/v1/auth/token/
WARNING 2026-05-02 05:11:19,980 log Too Many Requests: /api/v1/auth/token/
WARNING 2026-05-02 05:11:19,981 log Too Many Requests: /api/v1/auth/token/
WARNING 2026-05-02 05:11:19,983 log Too Many Requests: /api/v1/auth/token/
WARNING 2026-05-02 05:11:19,984 log Too Many Requests: /api/v1/auth/token/
WARNING 2026-05-02 05:17:29,914 log Bad Request: /api/v1/questionnaire/
WARNING 2026-05-02 05:17:30,690 log Bad Request: /api/v1/questionnaire/
WARNING 2026-05-02 05:17:30,711 log Unauthorized: /api/v1/adoptions/
WARNING 2026-05-02 05:17:31,083 log Forbidden: /api/v1/volunteer/cabinet/
WARNING 2026-05-02 05:17:32,609 log Bad Request: /api/v1/volunteer/requests/
WARNING 2026-05-02 05:17:33,342 log Unauthorized: /api/v1/auth/token/
WARNING 2026-05-02 05:17:33,698 log Unauthorized: /api/v1/auth/token/
WARNING 2026-05-02 05:17:34,055 log Unauthorized: /api/v1/auth/token/
WARNING 2026-05-02 05:17:34,442 log Unauthorized: /api/v1/auth/token/
WARNING 2026-05-02 05:17:34,797 log Unauthorized: /api/v1/auth/token/
WARNING 2026-05-02 05:17:35,155 log Unauthorized: /api/v1/auth/token/
WARNING 2026-05-02 05:17:35,514 log Unauthorized: /api/v1/auth/token/
WARNING 2026-05-02 05:17:35,516 log Too Many Requests: /api/v1/auth/token/
WARNING 2026-05-02 05:17:35,517 log Too Many Requests: /api/v1/auth/token/
WARNING 2026-05-02 05:17:35,527 log Too Many Requests: /api/v1/auth/token/
WARNING 2026-05-02 05:17:35,529 log Too Many Requests: /api/v1/auth/token/
WARNING 2026-05-02 05:17:36,463 log Too Many Requests: /api/v1/auth/token/
WARNING 2026-05-02 05:17:36,464 log Too Many Requests: /api/v1/auth/token/
WARNING 2026-05-02 05:17:36,466 log Too Many Requests: /api/v1/auth/token/
WARNING 2026-05-02 05:17:36,467 log Too Many Requests: /api/v1/auth/token/
WARNING 2026-05-02 05:17:36,469 log Too Many Requests: /api/v1/auth/token/
WARNING 2026-05-02 05:17:36,470 log Too Many Requests: /api/v1/auth/token/
WARNING 2026-05-02 05:17:36,471 log Too Many Requests: /api/v1/auth/token/
WARNING 2026-05-02 05:17:36,472 log Too Many Requests: /api/v1/auth/token/
WARNING 2026-05-02 05:17:36,473 log Too Many Requests: /api/v1/auth/token/
WARNING 2026-05-02 05:17:36,475 log Too Many Requests: /api/v1/auth/token/
WARNING 2026-05-02 05:17:36,476 log Too Many Requests: /api/v1/auth/token/
